// Jest Snapshot v1, https://goo.gl/fbAQLP

exports[`Calculator component snapshot /components/calculator 1`] = `ReactWrapper {}`;
