// Jest Snapshot v1, https://goo.gl/fbAQLP

exports[`Radio component snapshot /component/form/Radio snapshot 1`] = `ReactWrapper {}`;
