// Jest Snapshot v1, https://goo.gl/fbAQLP

exports[`Checkbox component snapshot /component/form/checkbox snapshot 1`] = `ReactWrapper {}`;
