// Jest Snapshot v1, https://goo.gl/fbAQLP

exports[`/component/footer render without crash  1`] = `ReactWrapper {}`;
