// Jest Snapshot v1, https://goo.gl/fbAQLP

exports[`Counter component snapshot /components/Counter 1`] = `ReactWrapper {}`;
