// Jest Snapshot v1, https://goo.gl/fbAQLP

exports[`Spinner component snapshot /components/Modal 1`] = `ShallowWrapper {}`;
