// Jest Snapshot v1, https://goo.gl/fbAQLP

exports[`Text Input component Text Input snap shot 1`] = `ReactWrapper {}`;
