// Jest Snapshot v1, https://goo.gl/fbAQLP

exports[`/Dropdown component To match snapshot dropDown Snapshot 1`] = `ReactWrapper {}`;
