// Jest Snapshot v1, https://goo.gl/fbAQLP

exports[`CountDown component snapshot /components/calculator 1`] = `ReactWrapper {}`;
