// Jest Snapshot v1, https://goo.gl/fbAQLP

exports[`Spinner component snapshot /components/Spinner 1`] = `ReactWrapper {}`;
