// Jest Snapshot v1, https://goo.gl/fbAQLP

exports[`Profile component car SnapShot 1`] = `ReactWrapper {}`;
