// Jest Snapshot v1, https://goo.gl/fbAQLP

exports[`Button component To Match Snapshot 1`] = `ReactWrapper {}`;
