// Jest Snapshot v1, https://goo.gl/fbAQLP

exports[`Search component snapshot /components/Search 1`] = `ShallowWrapper {}`;
